2026-08-19 10:37:06.294: [INFO] CurrentProfilePath: C:\SOA\Skill3\.metadata\.plugins\org.eclipse.swt\EBWebView\Default
2026-08-19 10:37:06.294: [INFO] Profiles total count: 1
2026-08-19 10:37:06.294: [INFO] Profile: name=Profile 1 path=C:\SOA\Skill3\.metadata\.plugins\org.eclipse.swt\EBWebView\Default lastActive=null
2026-08-19 10:37:06.294: [INFO] LastUsedProfileDir: C:\SOA\Skill3\.metadata\.plugins\org.eclipse.swt\EBWebView\Default
2026-08-19 10:37:06.294: [INFO] OnDoneLoading sync enabled: 0
2026-08-19 10:37:06.294: [INFO] BookmarkModelLoaded, ids_reassigned: 0
2026-08-19 10:37:06.294: [INFO] BookmarksLoadDropped droppedNodes=0
2026-08-19 10:37:06.294: [INFO] BookmarksSnapshot Startup total=0 bar=0 other=0 mobile=0 showBar=0 showBarNTP=1
2026-08-19 10:37:06.377: [INFO] BookmarksSnapshot Shutdown total=0 bar=0 other=0 mobile=0 showBar=0 showBarNTP=1
2026-08-19 10:38:16.000: [INFO] CurrentProfilePath: C:\SOA\Skill3\.metadata\.plugins\org.eclipse.swt\EBWebView\Default
2026-08-19 10:38:16.000: [INFO] Profiles total count: 1
2026-08-19 10:38:16.000: [INFO] Profile: name=Profile 1 path=C:\SOA\Skill3\.metadata\.plugins\org.eclipse.swt\EBWebView\Default lastActive=null
2026-08-19 10:38:16.000: [INFO] LastUsedProfileDir: C:\SOA\Skill3\.metadata\.plugins\org.eclipse.swt\EBWebView\Default
2026-08-19 10:38:16.000: [INFO] OnDoneLoading sync enabled: 0
2026-08-19 10:38:16.000: [INFO] BookmarkModelLoaded, ids_reassigned: 0
2026-08-19 10:38:16.000: [INFO] BookmarksLoadDropped droppedNodes=0
2026-08-19 10:38:16.000: [INFO] BookmarksSnapshot Startup total=0 bar=0 other=0 mobile=0 showBar=0 showBarNTP=1
2026-08-19 10:38:16.081: [INFO] BookmarksSnapshot Shutdown total=0 bar=0 other=0 mobile=0 showBar=0 showBarNTP=1
2026-08-19 10:42:26.334: [INFO] CurrentProfilePath: C:\SOA\Skill3\.metadata\.plugins\org.eclipse.swt\EBWebView\Default
2026-08-19 10:42:26.334: [INFO] Profiles total count: 1
2026-08-19 10:42:26.334: [INFO] Profile: name=Profile 1 path=C:\SOA\Skill3\.metadata\.plugins\org.eclipse.swt\EBWebView\Default lastActive=null
2026-08-19 10:42:26.334: [INFO] LastUsedProfileDir: C:\SOA\Skill3\.metadata\.plugins\org.eclipse.swt\EBWebView\Default
2026-08-19 10:42:26.334: [INFO] OnDoneLoading sync enabled: 0
2026-08-19 10:42:26.334: [INFO] BookmarkModelLoaded, ids_reassigned: 0
2026-08-19 10:42:26.334: [INFO] BookmarksLoadDropped droppedNodes=0
2026-08-19 10:42:26.334: [INFO] BookmarksSnapshot Startup total=0 bar=0 other=0 mobile=0 showBar=0 showBarNTP=1
2026-08-19 10:42:26.420: [INFO] BookmarksSnapshot Shutdown total=0 bar=0 other=0 mobile=0 showBar=0 showBarNTP=1
2026-08-19 10:43:34.128: [INFO] CurrentProfilePath: C:\SOA\Skill3\.metadata\.plugins\org.eclipse.swt\EBWebView\Default
2026-08-19 10:43:34.128: [INFO] Profiles total count: 1
2026-08-19 10:43:34.128: [INFO] Profile: name=Profile 1 path=C:\SOA\Skill3\.metadata\.plugins\org.eclipse.swt\EBWebView\Default lastActive=null
2026-08-19 10:43:34.128: [INFO] LastUsedProfileDir: C:\SOA\Skill3\.metadata\.plugins\org.eclipse.swt\EBWebView\Default
2026-08-19 10:43:34.128: [INFO] OnDoneLoading sync enabled: 0
2026-08-19 10:43:34.128: [INFO] BookmarkModelLoaded, ids_reassigned: 0
2026-08-19 10:43:34.128: [INFO] BookmarksLoadDropped droppedNodes=0
2026-08-19 10:43:34.128: [INFO] BookmarksSnapshot Startup total=0 bar=0 other=0 mobile=0 showBar=0 showBarNTP=1
2026-08-19 10:43:37.302: [INFO] BookmarksSnapshot Shutdown total=0 bar=0 other=0 mobile=0 showBar=0 showBarNTP=1
2026-08-19 10:51:05.304: [INFO] CurrentProfilePath: C:\SOA\Skill3\.metadata\.plugins\org.eclipse.swt\EBWebView\Default
2026-08-19 10:51:05.304: [INFO] Profiles total count: 1
2026-08-19 10:51:05.304: [INFO] Profile: name=Profile 1 path=C:\SOA\Skill3\.metadata\.plugins\org.eclipse.swt\EBWebView\Default lastActive=null
2026-08-19 10:51:05.304: [INFO] LastUsedProfileDir: C:\SOA\Skill3\.metadata\.plugins\org.eclipse.swt\EBWebView\Default
2026-08-19 10:51:05.304: [INFO] OnDoneLoading sync enabled: 0
2026-08-19 10:51:05.304: [INFO] BookmarkModelLoaded, ids_reassigned: 0
2026-08-19 10:51:05.304: [INFO] BookmarksLoadDropped droppedNodes=0
2026-08-19 10:51:05.304: [INFO] BookmarksSnapshot Startup total=0 bar=0 other=0 mobile=0 showBar=0 showBarNTP=1
2026-08-19 10:54:21.268: [INFO] BookmarksSnapshot Shutdown total=0 bar=0 other=0 mobile=0 showBar=0 showBarNTP=1
2026-08-19 10:56:09.191: [INFO] CurrentProfilePath: C:\SOA\Skill3\.metadata\.plugins\org.eclipse.swt\EBWebView\Default
2026-08-19 10:56:09.191: [INFO] Profiles total count: 1
2026-08-19 10:56:09.191: [INFO] Profile: name=Profile 1 path=C:\SOA\Skill3\.metadata\.plugins\org.eclipse.swt\EBWebView\Default lastActive=null
2026-08-19 10:56:09.192: [INFO] LastUsedProfileDir: C:\SOA\Skill3\.metadata\.plugins\org.eclipse.swt\EBWebView\Default
2026-08-19 10:56:09.192: [INFO] OnDoneLoading sync enabled: 0
2026-08-19 10:56:09.192: [INFO] BookmarkModelLoaded, ids_reassigned: 0
2026-08-19 10:56:09.192: [INFO] BookmarksLoadDropped droppedNodes=0
2026-08-19 10:56:09.192: [INFO] BookmarksSnapshot Startup total=0 bar=0 other=0 mobile=0 showBar=0 showBarNTP=1
2026-08-19 10:56:16.384: [INFO] BookmarksSnapshot Shutdown total=0 bar=0 other=0 mobile=0 showBar=0 showBarNTP=1
2026-08-19 10:57:11.797: [INFO] CurrentProfilePath: C:\SOA\Skill3\.metadata\.plugins\org.eclipse.swt\EBWebView\Default
2026-08-19 10:57:11.797: [INFO] Profiles total count: 1
2026-08-19 10:57:11.797: [INFO] Profile: name=Profile 1 path=C:\SOA\Skill3\.metadata\.plugins\org.eclipse.swt\EBWebView\Default lastActive=null
2026-08-19 10:57:11.797: [INFO] LastUsedProfileDir: C:\SOA\Skill3\.metadata\.plugins\org.eclipse.swt\EBWebView\Default
2026-08-19 10:57:11.797: [INFO] OnDoneLoading sync enabled: 0
2026-08-19 10:57:11.797: [INFO] BookmarkModelLoaded, ids_reassigned: 0
2026-08-19 10:57:11.797: [INFO] BookmarksLoadDropped droppedNodes=0
2026-08-19 10:57:11.797: [INFO] BookmarksSnapshot Startup total=0 bar=0 other=0 mobile=0 showBar=0 showBarNTP=1
2026-08-19 10:57:17.345: [INFO] BookmarksSnapshot Shutdown total=0 bar=0 other=0 mobile=0 showBar=0 showBarNTP=1
2026-08-19 11:00:54.149: [INFO] CurrentProfilePath: C:\SOA\Skill3\.metadata\.plugins\org.eclipse.swt\EBWebView\Default
2026-08-19 11:00:54.149: [INFO] Profiles total count: 1
2026-08-19 11:00:54.149: [INFO] Profile: name=Profile 1 path=C:\SOA\Skill3\.metadata\.plugins\org.eclipse.swt\EBWebView\Default lastActive=null
2026-08-19 11:00:54.149: [INFO] LastUsedProfileDir: C:\SOA\Skill3\.metadata\.plugins\org.eclipse.swt\EBWebView\Default
2026-08-19 11:00:54.149: [INFO] OnDoneLoading sync enabled: 0
2026-08-19 11:00:54.149: [INFO] BookmarkModelLoaded, ids_reassigned: 0
2026-08-19 11:00:54.149: [INFO] BookmarksLoadDropped droppedNodes=0
2026-08-19 11:00:54.149: [INFO] BookmarksSnapshot Startup total=0 bar=0 other=0 mobile=0 showBar=0 showBarNTP=1
2026-08-19 11:57:07.822: [INFO] BookmarksSnapshot Shutdown total=0 bar=0 other=0 mobile=0 showBar=0 showBarNTP=1
2026-08-20 05:52:56.386: [INFO] CurrentProfilePath: C:\SOA\Skill3\.metadata\.plugins\org.eclipse.swt\EBWebView\Default
2026-08-20 05:52:56.386: [INFO] Profiles total count: 1
2026-08-20 05:52:56.386: [INFO] Profile: name=Profile 1 path=C:\SOA\Skill3\.metadata\.plugins\org.eclipse.swt\EBWebView\Default lastActive=null
2026-08-20 05:52:56.386: [INFO] LastUsedProfileDir: C:\SOA\Skill3\.metadata\.plugins\org.eclipse.swt\EBWebView\Default
2026-08-20 05:52:56.386: [INFO] OnDoneLoading sync enabled: 0
2026-08-20 05:52:56.386: [INFO] BookmarkModelLoaded, ids_reassigned: 0
2026-08-20 05:52:56.386: [INFO] BookmarksLoadDropped droppedNodes=0
2026-08-20 05:52:56.386: [INFO] BookmarksSnapshot Startup total=0 bar=0 other=0 mobile=0 showBar=0 showBarNTP=1
2026-08-20 05:57:39.260: [INFO] BookmarksSnapshot Shutdown total=0 bar=0 other=0 mobile=0 showBar=0 showBarNTP=1
2026-08-20 05:59:14.381: [INFO] CurrentProfilePath: C:\SOA\Skill3\.metadata\.plugins\org.eclipse.swt\EBWebView\Default
2026-08-20 05:59:14.381: [INFO] Profiles total count: 1
2026-08-20 05:59:14.381: [INFO] Profile: name=Profile 1 path=C:\SOA\Skill3\.metadata\.plugins\org.eclipse.swt\EBWebView\Default lastActive=null
2026-08-20 05:59:14.381: [INFO] LastUsedProfileDir: C:\SOA\Skill3\.metadata\.plugins\org.eclipse.swt\EBWebView\Default
2026-08-20 05:59:14.381: [INFO] OnDoneLoading sync enabled: 0
2026-08-20 05:59:14.381: [INFO] BookmarkModelLoaded, ids_reassigned: 0
2026-08-20 05:59:14.381: [INFO] BookmarksLoadDropped droppedNodes=0
2026-08-20 05:59:14.381: [INFO] BookmarksSnapshot Startup total=0 bar=0 other=0 mobile=0 showBar=0 showBarNTP=1
2026-08-20 05:59:34.125: [INFO] BookmarksSnapshot Shutdown total=0 bar=0 other=0 mobile=0 showBar=0 showBarNTP=1
2026-08-20 06:00:53.464: [INFO] CurrentProfilePath: C:\SOA\Skill3\.metadata\.plugins\org.eclipse.swt\EBWebView\Default
2026-08-20 06:00:53.464: [INFO] Profiles total count: 1
2026-08-20 06:00:53.464: [INFO] Profile: name=Profile 1 path=C:\SOA\Skill3\.metadata\.plugins\org.eclipse.swt\EBWebView\Default lastActive=null
2026-08-20 06:00:53.464: [INFO] LastUsedProfileDir: C:\SOA\Skill3\.metadata\.plugins\org.eclipse.swt\EBWebView\Default
2026-08-20 06:00:53.464: [INFO] OnDoneLoading sync enabled: 0
2026-08-20 06:00:53.464: [INFO] BookmarkModelLoaded, ids_reassigned: 0
2026-08-20 06:00:53.464: [INFO] BookmarksLoadDropped droppedNodes=0
2026-08-20 06:00:53.464: [INFO] BookmarksSnapshot Startup total=0 bar=0 other=0 mobile=0 showBar=0 showBarNTP=1
2026-08-20 06:00:55.643: [INFO] BookmarksSnapshot Shutdown total=0 bar=0 other=0 mobile=0 showBar=0 showBarNTP=1
2026-08-20 06:03:24.304: [INFO] CurrentProfilePath: C:\SOA\Skill3\.metadata\.plugins\org.eclipse.swt\EBWebView\Default
2026-08-20 06:03:24.304: [INFO] Profiles total count: 1
2026-08-20 06:03:24.304: [INFO] Profile: name=Profile 1 path=C:\SOA\Skill3\.metadata\.plugins\org.eclipse.swt\EBWebView\Default lastActive=null
2026-08-20 06:03:24.304: [INFO] LastUsedProfileDir: C:\SOA\Skill3\.metadata\.plugins\org.eclipse.swt\EBWebView\Default
2026-08-20 06:03:24.304: [INFO] OnDoneLoading sync enabled: 0
2026-08-20 06:03:24.305: [INFO] BookmarkModelLoaded, ids_reassigned: 0
2026-08-20 06:03:24.305: [INFO] BookmarksLoadDropped droppedNodes=0
2026-08-20 06:03:24.305: [INFO] BookmarksSnapshot Startup total=0 bar=0 other=0 mobile=0 showBar=0 showBarNTP=1
2026-08-20 06:03:27.051: [INFO] BookmarksSnapshot Shutdown total=0 bar=0 other=0 mobile=0 showBar=0 showBarNTP=1
2026-08-20 06:07:46.503: [INFO] CurrentProfilePath: C:\SOA\Skill3\.metadata\.plugins\org.eclipse.swt\EBWebView\Default
2026-08-20 06:07:46.503: [INFO] Profiles total count: 1
2026-08-20 06:07:46.503: [INFO] Profile: name=Profile 1 path=C:\SOA\Skill3\.metadata\.plugins\org.eclipse.swt\EBWebView\Default lastActive=null
2026-08-20 06:07:46.503: [INFO] LastUsedProfileDir: C:\SOA\Skill3\.metadata\.plugins\org.eclipse.swt\EBWebView\Default
2026-08-20 06:07:46.503: [INFO] OnDoneLoading sync enabled: 0
2026-08-20 06:07:46.503: [INFO] BookmarkModelLoaded, ids_reassigned: 0
2026-08-20 06:07:46.503: [INFO] BookmarksLoadDropped droppedNodes=0
2026-08-20 06:07:46.503: [INFO] BookmarksSnapshot Startup total=0 bar=0 other=0 mobile=0 showBar=0 showBarNTP=1
2026-08-20 06:27:20.108: [INFO] BookmarksSnapshot Shutdown total=0 bar=0 other=0 mobile=0 showBar=0 showBarNTP=1
2026-08-20 10:32:10.748: [INFO] CurrentProfilePath: C:\SOA\Skill3\.metadata\.plugins\org.eclipse.swt\EBWebView\Default
2026-08-20 10:32:10.748: [INFO] Profiles total count: 1
2026-08-20 10:32:10.748: [INFO] Profile: name=Profile 1 path=C:\SOA\Skill3\.metadata\.plugins\org.eclipse.swt\EBWebView\Default lastActive=null
2026-08-20 10:32:10.748: [INFO] LastUsedProfileDir: C:\SOA\Skill3\.metadata\.plugins\org.eclipse.swt\EBWebView\Default
2026-08-20 10:32:10.748: [INFO] OnDoneLoading sync enabled: 0
2026-08-20 10:32:10.748: [INFO] BookmarkModelLoaded, ids_reassigned: 0
2026-08-20 10:32:10.748: [INFO] BookmarksLoadDropped droppedNodes=0
2026-08-20 10:32:10.748: [INFO] BookmarksSnapshot Startup total=0 bar=0 other=0 mobile=0 showBar=0 showBarNTP=1
2026-08-20 10:32:30.236: [INFO] BookmarksSnapshot Shutdown total=0 bar=0 other=0 mobile=0 showBar=0 showBarNTP=1
2026-08-20 10:32:31.393: [INFO] CurrentProfilePath: C:\SOA\Skill3\.metadata\.plugins\org.eclipse.swt\EBWebView\Default
2026-08-20 10:32:31.393: [INFO] Profiles total count: 1
2026-08-20 10:32:31.393: [INFO] Profile: name=Profile 1 path=C:\SOA\Skill3\.metadata\.plugins\org.eclipse.swt\EBWebView\Default lastActive=null
2026-08-20 10:32:31.393: [INFO] LastUsedProfileDir: C:\SOA\Skill3\.metadata\.plugins\org.eclipse.swt\EBWebView\Default
2026-08-20 10:32:31.393: [INFO] OnDoneLoading sync enabled: 0
2026-08-20 10:32:31.393: [INFO] BookmarkModelLoaded, ids_reassigned: 0
2026-08-20 10:32:31.393: [INFO] BookmarksLoadDropped droppedNodes=0
2026-08-20 10:32:31.393: [INFO] BookmarksSnapshot Startup total=0 bar=0 other=0 mobile=0 showBar=0 showBarNTP=1
2026-08-20 10:32:36.591: [INFO] BookmarksSnapshot Shutdown total=0 bar=0 other=0 mobile=0 showBar=0 showBarNTP=1
2026-08-20 10:32:43.074: [INFO] CurrentProfilePath: C:\SOA\Skill3\.metadata\.plugins\org.eclipse.swt\EBWebView\Default
2026-08-20 10:32:43.074: [INFO] Profiles total count: 1
2026-08-20 10:32:43.074: [INFO] Profile: name=Profile 1 path=C:\SOA\Skill3\.metadata\.plugins\org.eclipse.swt\EBWebView\Default lastActive=null
2026-08-20 10:32:43.074: [INFO] LastUsedProfileDir: C:\SOA\Skill3\.metadata\.plugins\org.eclipse.swt\EBWebView\Default
2026-08-20 10:32:43.074: [INFO] OnDoneLoading sync enabled: 0
2026-08-20 10:32:43.074: [INFO] BookmarkModelLoaded, ids_reassigned: 0
2026-08-20 10:32:43.074: [INFO] BookmarksLoadDropped droppedNodes=0
2026-08-20 10:32:43.074: [INFO] BookmarksSnapshot Startup total=0 bar=0 other=0 mobile=0 showBar=0 showBarNTP=1
2026-08-20 10:32:48.392: [INFO] BookmarksSnapshot Shutdown total=0 bar=0 other=0 mobile=0 showBar=0 showBarNTP=1
2026-08-20 10:32:51.848: [INFO] CurrentProfilePath: C:\SOA\Skill3\.metadata\.plugins\org.eclipse.swt\EBWebView\Default
2026-08-20 10:32:51.848: [INFO] Profiles total count: 1
2026-08-20 10:32:51.848: [INFO] Profile: name=Profile 1 path=C:\SOA\Skill3\.metadata\.plugins\org.eclipse.swt\EBWebView\Default lastActive=null
2026-08-20 10:32:51.848: [INFO] LastUsedProfileDir: C:\SOA\Skill3\.metadata\.plugins\org.eclipse.swt\EBWebView\Default
2026-08-20 10:32:51.848: [INFO] OnDoneLoading sync enabled: 0
2026-08-20 10:32:51.848: [INFO] BookmarkModelLoaded, ids_reassigned: 0
2026-08-20 10:32:51.848: [INFO] BookmarksLoadDropped droppedNodes=0
2026-08-20 10:32:51.848: [INFO] BookmarksSnapshot Startup total=0 bar=0 other=0 mobile=0 showBar=0 showBarNTP=1
2026-08-20 11:48:17.325: [INFO] BookmarksSnapshot Shutdown total=0 bar=0 other=0 mobile=0 showBar=0 showBarNTP=1
