2026-07-29 10:39:43.161: [INFO] OnDoneLoading sync enabled: 0
2026-07-29 10:40:28.934: [INFO] OnDoneLoading sync enabled: 0
2026-07-29 10:45:01.139: [INFO] OnDoneLoading sync enabled: 0
2026-07-29 10:45:13.518: [INFO] OnDoneLoading sync enabled: 0
2026-07-29 10:46:10.036: [INFO] OnDoneLoading sync enabled: 0
2026-07-30 10:32:16.117: [INFO] OnDoneLoading sync enabled: 0
2026-07-30 10:36:45.676: [INFO] OnDoneLoading sync enabled: 0
2026-07-30 10:55:27.073: [INFO] OnDoneLoading sync enabled: 0
2026-07-30 10:58:11.701: [INFO] OnDoneLoading sync enabled: 0
2026-07-30 11:08:18.170: [INFO] OnDoneLoading sync enabled: 0
2026-07-30 11:18:56.816: [INFO] OnDoneLoading sync enabled: 0
2026-07-30 11:23:30.929: [INFO] OnDoneLoading sync enabled: 0
2026-07-30 11:28:21.656: [INFO] OnDoneLoading sync enabled: 0
2026-08-05 10:34:54.217: [INFO] CurrentProfilePath: C:\Users\venka\OneDrive\Desktop\SOA-S3\Skill1\.metadata\.plugins\org.eclipse.swt\EBWebView\Default
2026-08-05 10:34:54.218: [INFO] Profiles total count: 1
2026-08-05 10:34:54.218: [INFO] Profile: name=Profile 1 path=C:\Users\venka\OneDrive\Desktop\SOA-S3\Skill1\.metadata\.plugins\org.eclipse.swt\EBWebView\Default lastActive=null
2026-08-05 10:34:54.218: [INFO] LastUsedProfileDir: C:\Users\venka\OneDrive\Desktop\SOA-S3\Skill1\.metadata\.plugins\org.eclipse.swt\EBWebView\Default
2026-08-05 10:34:54.218: [INFO] OnDoneLoading sync enabled: 0
2026-08-05 10:34:54.218: [INFO] BookmarkModelLoaded, ids_reassigned: 0
2026-08-05 10:34:54.218: [INFO] BookmarksLoadDropped droppedNodes=0
2026-08-05 10:34:54.218: [INFO] BookmarksSnapshot Startup total=0 bar=0 other=0 mobile=0 showBar=0 showBarNTP=1
2026-08-05 10:34:54.521: [INFO] BookmarksSnapshot Shutdown total=0 bar=0 other=0 mobile=0 showBar=0 showBarNTP=1
2026-08-05 10:34:56.105: [INFO] CurrentProfilePath: C:\Users\venka\OneDrive\Desktop\SOA-S3\Skill1\.metadata\.plugins\org.eclipse.swt\EBWebView\Default
2026-08-05 10:34:56.105: [INFO] Profiles total count: 1
2026-08-05 10:34:56.105: [INFO] Profile: name=Profile 1 path=C:\Users\venka\OneDrive\Desktop\SOA-S3\Skill1\.metadata\.plugins\org.eclipse.swt\EBWebView\Default lastActive=null
2026-08-05 10:34:56.105: [INFO] LastUsedProfileDir: C:\Users\venka\OneDrive\Desktop\SOA-S3\Skill1\.metadata\.plugins\org.eclipse.swt\EBWebView\Default
2026-08-05 10:34:56.105: [INFO] OnDoneLoading sync enabled: 0
2026-08-05 10:34:56.105: [INFO] BookmarkModelLoaded, ids_reassigned: 0
2026-08-05 10:34:56.105: [INFO] BookmarksLoadDropped droppedNodes=0
2026-08-05 10:34:56.105: [INFO] BookmarksSnapshot Startup total=0 bar=0 other=0 mobile=0 showBar=0 showBarNTP=1
2026-08-05 10:34:56.256: [INFO] BookmarksSnapshot Shutdown total=0 bar=0 other=0 mobile=0 showBar=0 showBarNTP=1
2026-08-05 10:35:56.204: [INFO] CurrentProfilePath: C:\Users\venka\OneDrive\Desktop\SOA-S3\Skill1\.metadata\.plugins\org.eclipse.swt\EBWebView\Default
2026-08-05 10:35:56.204: [INFO] Profiles total count: 1
2026-08-05 10:35:56.204: [INFO] Profile: name=Profile 1 path=C:\Users\venka\OneDrive\Desktop\SOA-S3\Skill1\.metadata\.plugins\org.eclipse.swt\EBWebView\Default lastActive=null
2026-08-05 10:35:56.204: [INFO] LastUsedProfileDir: C:\Users\venka\OneDrive\Desktop\SOA-S3\Skill1\.metadata\.plugins\org.eclipse.swt\EBWebView\Default
2026-08-05 10:35:56.204: [INFO] OnDoneLoading sync enabled: 0
2026-08-05 10:35:56.204: [INFO] BookmarkModelLoaded, ids_reassigned: 0
2026-08-05 10:35:56.204: [INFO] BookmarksLoadDropped droppedNodes=0
2026-08-05 10:35:56.204: [INFO] BookmarksSnapshot Startup total=0 bar=0 other=0 mobile=0 showBar=0 showBarNTP=1
2026-08-05 10:36:00.385: [INFO] BookmarksSnapshot Shutdown total=0 bar=0 other=0 mobile=0 showBar=0 showBarNTP=1
2026-08-05 10:41:51.387: [INFO] CurrentProfilePath: C:\Users\venka\OneDrive\Desktop\SOA-S3\Skill1\.metadata\.plugins\org.eclipse.swt\EBWebView\Default
2026-08-05 10:41:51.387: [INFO] Profiles total count: 1
2026-08-05 10:41:51.387: [INFO] Profile: name=Profile 1 path=C:\Users\venka\OneDrive\Desktop\SOA-S3\Skill1\.metadata\.plugins\org.eclipse.swt\EBWebView\Default lastActive=null
2026-08-05 10:41:51.387: [INFO] LastUsedProfileDir: C:\Users\venka\OneDrive\Desktop\SOA-S3\Skill1\.metadata\.plugins\org.eclipse.swt\EBWebView\Default
2026-08-05 10:41:51.387: [INFO] OnDoneLoading sync enabled: 0
2026-08-05 10:41:51.387: [INFO] BookmarkModelLoaded, ids_reassigned: 0
2026-08-05 10:41:51.387: [INFO] BookmarksLoadDropped droppedNodes=0
2026-08-05 10:41:51.387: [INFO] BookmarksSnapshot Startup total=0 bar=0 other=0 mobile=0 showBar=0 showBarNTP=1
2026-08-05 10:41:51.635: [INFO] BookmarksSnapshot Shutdown total=0 bar=0 other=0 mobile=0 showBar=0 showBarNTP=1
2026-08-05 10:42:52.237: [INFO] CurrentProfilePath: C:\Users\venka\OneDrive\Desktop\SOA-S3\Skill1\.metadata\.plugins\org.eclipse.swt\EBWebView\Default
2026-08-05 10:42:52.237: [INFO] Profiles total count: 1
2026-08-05 10:42:52.237: [INFO] Profile: name=Profile 1 path=C:\Users\venka\OneDrive\Desktop\SOA-S3\Skill1\.metadata\.plugins\org.eclipse.swt\EBWebView\Default lastActive=null
2026-08-05 10:42:52.237: [INFO] LastUsedProfileDir: C:\Users\venka\OneDrive\Desktop\SOA-S3\Skill1\.metadata\.plugins\org.eclipse.swt\EBWebView\Default
2026-08-05 10:42:52.237: [INFO] OnDoneLoading sync enabled: 0
2026-08-05 10:42:52.237: [INFO] BookmarkModelLoaded, ids_reassigned: 0
2026-08-05 10:42:52.237: [INFO] BookmarksLoadDropped droppedNodes=0
2026-08-05 10:42:52.237: [INFO] BookmarksSnapshot Startup total=0 bar=0 other=0 mobile=0 showBar=0 showBarNTP=1
2026-08-05 11:17:20.228: [INFO] BookmarksSnapshot Shutdown total=0 bar=0 other=0 mobile=0 showBar=0 showBarNTP=1
